
> elizian-backend@1.0.0 start
> node server.js

[dotenv@17.2.3] injecting env (10) from .env -- tip: 🔑 add access controls to secrets: https://dotenvx.com/ops
2025-11-17T00:16:41.483Z ✅ Environment validation passed
2025-11-17T00:16:41.483Z 
📋 Environment Configuration:
2025-11-17T00:16:41.483Z    - NODE_ENV: development
2025-11-17T00:16:41.483Z    - DB_HOST: localhost
2025-11-17T00:16:41.483Z    - DB_NAME: elizian
2025-11-17T00:16:41.483Z    - DB_PORT: 5432
2025-11-17T00:16:41.483Z    - DB_USER: postgres
2025-11-17T00:16:41.483Z    - JWT_SECRET: ***SET***
2025-11-17T00:16:41.483Z    - FRONTEND_URL: NOT SET
2025-11-17T00:16:41.483Z    - ADMIN_URL: NOT SET
2025-11-17T00:16:41.483Z 
[dotenv@17.2.3] injecting env (0) from .env -- tip: 🔐 prevent committing .env to code: https://dotenvx.com/precommit
2025-11-17T00:16:41.580Z ✅ Elizian Backend running on http://localhost:5001
2025-11-17T00:16:41.580Z 📊 Process PID: 4497
2025-11-17T00:16:41.580Z 🔄 Auto-restart enabled: Yes
2025-11-17T00:16:41.580Z ⏰ Auto-cancel pending bookings: Enabled (runs every 5 minutes)
2025-11-17T00:16:41.594Z ✅ Database connected successfully
2025-11-17T00:16:41.623Z ✅ Default partner categories verified
GET / 200 163782 - 8.978 ms reqId=-
2025-11-17T00:25:02.868Z [DEV] OTP for +911234567890: 952229
🔐 OTP for 1234567890: 952229 (expires in 5 minutes) - 2025-11-17T00:25:02.868Z
POST /api/v1/auth/send-otp 200 84 - 76.650 ms reqId=-
2025-11-17T00:28:20.137Z 🔍 Verifying OTP for 1234567890: received="952229" (type: string)
2025-11-17T00:28:20.147Z 🔍 OTP match result: true
POST /api/v1/auth/verify-otp 200 519 - 126.412 ms reqId=-
2025-11-17T00:28:21.875Z 🔍 Admin request: paramCount=0, queryParams.length=2, limitParam=1, offsetParam=2
2025-11-17T00:28:21.875Z 🔍 Executing offers query (admin=false, params=2, limit=10)
2025-11-17T00:28:21.875Z 📝 Query preview: 
          SELECT * FROM (
            (
      SELECT 
        po.id,
        po.partner_id,
        po.title as name,
        po.title,
        po.description,
        po.original_price as price,
        po.discounted_price,
        po.discount_percentage,
        po.discount_amount,
        po.ima...
2025-11-17T00:28:21.875Z 📝 Query params: [10,0]
2025-11-17T00:28:22.143Z ✅ Query successful, returned 3 offers
GET /api/v1/offers?trending=true&limit=10&is_active=true 200 3053 - 284.445 ms reqId=-
2025-11-17T00:28:22.344Z 🔍 Admin request: paramCount=0, queryParams.length=2, limitParam=1, offsetParam=2
2025-11-17T00:28:22.344Z 🔍 Executing offers query (admin=false, params=2, limit=100)
2025-11-17T00:28:22.344Z 📝 Query preview: 
          SELECT * FROM (
            (
      SELECT 
        po.id,
        po.partner_id,
        po.title as name,
        po.title,
        po.description,
        po.original_price as price,
        po.discounted_price,
        po.discount_percentage,
        po.discount_amount,
        po.ima...
2025-11-17T00:28:22.344Z 📝 Query params: [100,0]
2025-11-17T00:28:22.347Z ✅ Query successful, returned 4 offers
GET /api/v1/offers?limit=100&is_active=true 200 4083 - 4.871 ms reqId=-
GET /uploads/offers/dentalmakeover.webp 200 38594 - 8.689 ms reqId=-
GET /uploads/offers/WhatsAppImage2025-11-09at17.58.08.jpeg 200 57641 - 3.445 ms reqId=-
GET /uploads/offers/GeneratedImageOctober202025-8_47AM.png 200 1874528 - 2.109 ms reqId=-
GET /uploads/offers/WhatsAppImage2025-11-01at23.19.41.jpeg 200 52292 - 1.425 ms reqId=-
GET /api/v1/categories 200 1413 - 47.190 ms reqId=-
POST /api/v1/partners/auth/login 200 505 - 334.186 ms reqId=-
GET /api/v1/service-types 200 1018 - 46.869 ms reqId=-
GET /api/v1/service-categories 200 1083 - 4.667 ms reqId=-
GET /api/v1/partners/e178e5af-906c-4c6b-bf39-e116d8c97cae/dashboard 200 753 - 10.452 ms reqId=-
GET /api/v1/partners/e178e5af-906c-4c6b-bf39-e116d8c97cae/offers 200 1110 - 308.005 ms reqId=-
GET /uploads/offers/dentalmakeover.webp 304 - - 2.103 ms reqId=-
GET /api/v1/user/profile 403 25 - 2.375 ms reqId=-
POST /api/v1/auth/login 200 459 - 129.350 ms reqId=-
GET /api/v1/user/profile 200 642 - 9.814 ms reqId=-
GET /api/v1/user/profile 304 - - 10.484 ms reqId=-
GET /api/v1/admin/dashboard 200 5247 - 34.922 ms reqId=-
2025-11-17T00:48:50.793Z [DEV] OTP for +911234567890: 194210
🔐 OTP for 1234567890: 194210 (expires in 5 minutes) - 2025-11-17T00:48:50.794Z
POST /api/v1/auth/send-otp 200 84 - 70.355 ms reqId=-
2025-11-17T00:49:02.918Z 🔍 Verifying OTP for 1234567890: received="194210" (type: string)
2025-11-17T00:49:02.923Z 🔍 OTP match result: true
POST /api/v1/auth/verify-otp 200 519 - 52.988 ms reqId=-
2025-11-17T00:49:04.433Z 🔍 Admin request: paramCount=0, queryParams.length=2, limitParam=1, offsetParam=2
2025-11-17T00:49:04.434Z 🔍 Executing offers query (admin=false, params=2, limit=10)
2025-11-17T00:49:04.434Z 📝 Query preview: 
          SELECT * FROM (
            (
      SELECT 
        po.id,
        po.partner_id,
        po.title as name,
        po.title,
        po.description,
        po.original_price as price,
        po.discounted_price,
        po.discount_percentage,
        po.discount_amount,
        po.ima...
2025-11-17T00:49:04.434Z 📝 Query params: [10,0]
2025-11-17T00:49:04.446Z ✅ Query successful, returned 3 offers
GET /api/v1/offers?trending=true&limit=10&is_active=true 304 - - 23.539 ms reqId=-
2025-11-17T00:49:04.450Z 🔍 Admin request: paramCount=0, queryParams.length=2, limitParam=1, offsetParam=2
2025-11-17T00:49:04.450Z 🔍 Executing offers query (admin=false, params=2, limit=100)
2025-11-17T00:49:04.450Z 📝 Query preview: 
          SELECT * FROM (
            (
      SELECT 
        po.id,
        po.partner_id,
        po.title as name,
        po.title,
        po.description,
        po.original_price as price,
        po.discounted_price,
        po.discount_percentage,
        po.discount_amount,
        po.ima...
2025-11-17T00:49:04.450Z 📝 Query params: [100,0]
GET /uploads/offers/dentalmakeover.webp 304 - - 3.643 ms reqId=-
GET /uploads/offers/WhatsAppImage2025-11-09at17.58.08.jpeg 304 - - 1.180 ms reqId=-
GET /uploads/offers/GeneratedImageOctober202025-8_47AM.png 304 - - 0.653 ms reqId=-
2025-11-17T00:49:04.466Z ✅ Query successful, returned 4 offers
GET /api/v1/offers?limit=100&is_active=true 304 - - 16.562 ms reqId=-
GET /uploads/offers/WhatsAppImage2025-11-01at23.19.41.jpeg 304 - - 0.880 ms reqId=-
2025-11-17T00:49:06.458Z 🔍 Admin request: paramCount=1, queryParams.length=3, limitParam=2, offsetParam=3
2025-11-17T00:49:06.459Z 🔍 Executing offers query (admin=false, params=3, limit=10)
2025-11-17T00:49:06.459Z 📝 Query preview: 
          SELECT * FROM (
            (
      SELECT 
        po.id,
        po.partner_id,
        po.title as name,
        po.title,
        po.description,
        po.original_price as price,
        po.discounted_price,
        po.discount_percentage,
        po.discount_amount,
        po.ima...
2025-11-17T00:49:06.459Z 📝 Query params: ["events",10,0]
2025-11-17T00:49:06.460Z 🔍 Admin request: paramCount=1, queryParams.length=3, limitParam=2, offsetParam=3
2025-11-17T00:49:06.460Z 🔍 Executing offers query (admin=false, params=3, limit=100)
2025-11-17T00:49:06.460Z 📝 Query preview: 
          SELECT * FROM (
            (
      SELECT 
        po.id,
        po.partner_id,
        po.title as name,
        po.title,
        po.description,
        po.original_price as price,
        po.discounted_price,
        po.discount_percentage,
        po.discount_amount,
        po.ima...
2025-11-17T00:49:06.460Z 📝 Query params: ["events",100,0]
2025-11-17T00:49:06.465Z ✅ Query successful, returned 0 offers
GET /api/v1/offers?trending=true&limit=10&is_active=true&service_type=events 200 68 - 7.951 ms reqId=-
2025-11-17T00:49:06.478Z ✅ Query successful, returned 1 offers
GET /api/v1/offers?limit=100&is_active=true&service_type=events 200 1097 - 18.590 ms reqId=-
GET /api/v1/categories 304 - - 2.046 ms reqId=-
POST /api/v1/partners/auth/login 401 47 - 8.219 ms reqId=-
POST /api/v1/partners/auth/login 401 47 - 317.585 ms reqId=-
POST /api/v1/partners/auth/login 401 47 - 312.523 ms reqId=-
POST /api/v1/partners/auth/login 401 47 - 330.124 ms reqId=-
GET /api/v1/admin/partners?status=all 200 1460 - 38.933 ms reqId=-
POST /api/v1/partners/auth/login 401 47 - 329.071 ms reqId=-
POST /api/v1/partners/auth/login 401 47 - 316.163 ms reqId=-
GET /api/v1/categories 200 1413 - 7.398 ms reqId=-
POST /api/v1/partners/auth/login 401 47 - 316.412 ms reqId=-
POST /api/v1/partners/auth/login 401 47 - 284.248 ms reqId=-
POST /api/v1/partners/auth/login 200 486 - 76.615 ms reqId=-
POST /api/v1/partners/auth/login 401 47 - 129.255 ms reqId=-
POST /api/v1/partners/auth/login 200 486 - 115.805 ms reqId=-
GET /api/v1/service-types 304 - - 232.220 ms reqId=-
GET /api/v1/service-categories 304 - - 15.778 ms reqId=-
GET /api/v1/partners/99b2336d-9f6a-443d-bc4e-8ff46f9db147/dashboard 200 1169 - 13.244 ms reqId=-
GET /api/v1/partners/99b2336d-9f6a-443d-bc4e-8ff46f9db147/offers 200 1081 - 58.332 ms reqId=-
GET /uploads/offers/WhatsAppImage2025-11-09at17.58.08.jpeg 304 - - 1.035 ms reqId=-
POST /api/v1/partners/auth/login 200 485 - 92.879 ms reqId=-
GET /api/v1/categories 304 - - 38.298 ms reqId=-
POST /api/v1/partners/auth/login 200 485 - 114.111 ms reqId=-
GET /api/v1/service-types 304 - - 22.437 ms reqId=-
GET /api/v1/service-categories 304 - - 2.361 ms reqId=-
GET /api/v1/partners/00993477-9d54-4288-81a2-86f684a49329/dashboard 200 1193 - 6.552 ms reqId=-
GET /api/v1/partners/00993477-9d54-4288-81a2-86f684a49329/offers 200 2173 - 56.382 ms reqId=-
GET /uploads/offers/GeneratedImageOctober202025-8_47AM.png 304 - - 0.755 ms reqId=-
GET /uploads/offers/WhatsAppImage2025-11-01at23.19.41.jpeg 304 - - 0.658 ms reqId=-
GET /api/v1/admin/deals?search=&status=all&promo=all 200 2156 - 38.994 ms reqId=-
PATCH /api/v1/admin/deals/5315d973-dfe1-442d-8ecb-51b4580e8926/status 200 1082 - 22.062 ms reqId=-
GET /api/v1/admin/deals?search=&status=all&promo=all 304 - - 3.543 ms reqId=-
GET /api/v1/admin/partners?status=all 304 - - 18.428 ms reqId=-
GET /api/v1/categories 304 - - 60.928 ms reqId=-
POST /api/v1/partners/auth/login 401 47 - 131.128 ms reqId=-
POST /api/v1/partners/auth/login 200 485 - 107.688 ms reqId=-
GET /api/v1/service-types 304 - - 19.449 ms reqId=-
GET /api/v1/service-categories 304 - - 5.806 ms reqId=-
GET /api/v1/partners/00993477-9d54-4288-81a2-86f684a49329/dashboard 304 - - 19.340 ms reqId=-
GET /api/v1/partners/00993477-9d54-4288-81a2-86f684a49329/offers 200 2173 - 53.627 ms reqId=-
GET /uploads/offers/GeneratedImageOctober202025-8_47AM.png 304 - - 2.366 ms reqId=-
GET /uploads/offers/WhatsAppImage2025-11-01at23.19.41.jpeg 304 - - 2.653 ms reqId=-
2025-11-17T01:08:06.834Z 🔍 Admin request: paramCount=1, queryParams.length=3, limitParam=2, offsetParam=3
2025-11-17T01:08:06.835Z 🔍 Executing offers query (admin=false, params=3, limit=10)
2025-11-17T01:08:06.835Z 📝 Query preview: 
          SELECT * FROM (
            (
      SELECT 
        po.id,
        po.partner_id,
        po.title as name,
        po.title,
        po.description,
        po.original_price as price,
        po.discounted_price,
        po.discount_percentage,
        po.discount_amount,
        po.ima...
2025-11-17T01:08:06.835Z 📝 Query params: ["dining",10,0]
2025-11-17T01:08:06.837Z 🔍 Admin request: paramCount=1, queryParams.length=3, limitParam=2, offsetParam=3
2025-11-17T01:08:06.837Z 🔍 Executing offers query (admin=false, params=3, limit=100)
2025-11-17T01:08:06.837Z 📝 Query preview: 
          SELECT * FROM (
            (
      SELECT 
        po.id,
        po.partner_id,
        po.title as name,
        po.title,
        po.description,
        po.original_price as price,
        po.discounted_price,
        po.discount_percentage,
        po.discount_amount,
        po.ima...
2025-11-17T01:08:06.837Z 📝 Query params: ["dining",100,0]
2025-11-17T01:08:06.841Z ✅ Query successful, returned 2 offers
GET /api/v1/offers?trending=true&limit=10&is_active=true&service_type=dining 200 2064 - 16.657 ms reqId=-
GET /uploads/offers/GeneratedImageOctober202025-8_47AM.png 304 - - 0.728 ms reqId=-
GET /uploads/offers/WhatsAppImage2025-11-09at17.58.08.jpeg 304 - - 0.646 ms reqId=-
2025-11-17T01:08:06.853Z ✅ Query successful, returned 2 offers
GET /api/v1/offers?limit=100&is_active=true&service_type=dining 200 2064 - 17.066 ms reqId=-
2025-11-17T01:08:18.475Z 🔍 Admin request: paramCount=1, queryParams.length=3, limitParam=2, offsetParam=3
2025-11-17T01:08:18.475Z 🔍 Executing offers query (admin=false, params=3, limit=10)
2025-11-17T01:08:18.476Z 📝 Query preview: 
          SELECT * FROM (
            (
      SELECT 
        po.id,
        po.partner_id,
        po.title as name,
        po.title,
        po.description,
        po.original_price as price,
        po.discounted_price,
        po.discount_percentage,
        po.discount_amount,
        po.ima...
2025-11-17T01:08:18.476Z 📝 Query params: ["events",10,0]
2025-11-17T01:08:18.477Z 🔍 Admin request: paramCount=1, queryParams.length=3, limitParam=2, offsetParam=3
2025-11-17T01:08:18.477Z 🔍 Executing offers query (admin=false, params=3, limit=100)
2025-11-17T01:08:18.477Z 📝 Query preview: 
          SELECT * FROM (
            (
      SELECT 
        po.id,
        po.partner_id,
        po.title as name,
        po.title,
        po.description,
        po.original_price as price,
        po.discounted_price,
        po.discount_percentage,
        po.discount_amount,
        po.ima...
2025-11-17T01:08:18.477Z 📝 Query params: ["events",100,0]
2025-11-17T01:08:18.492Z ✅ Query successful, returned 0 offers
GET /api/v1/offers?trending=true&limit=10&is_active=true&service_type=events 304 - - 19.554 ms reqId=-
2025-11-17T01:08:18.494Z ✅ Query successful, returned 1 offers
GET /api/v1/offers?limit=100&is_active=true&service_type=events 304 - - 17.735 ms reqId=-
2025-11-17T01:08:19.202Z 🔍 Admin request: paramCount=1, queryParams.length=3, limitParam=2, offsetParam=3
2025-11-17T01:08:19.202Z 🔍 Executing offers query (admin=false, params=3, limit=10)
2025-11-17T01:08:19.202Z 📝 Query preview: 
          SELECT * FROM (
            (
      SELECT 
        po.id,
        po.partner_id,
        po.title as name,
        po.title,
        po.description,
        po.original_price as price,
        po.discounted_price,
        po.discount_percentage,
        po.discount_amount,
        po.ima...
2025-11-17T01:08:19.202Z 📝 Query params: ["healthcare",10,0]
2025-11-17T01:08:19.204Z 🔍 Admin request: paramCount=1, queryParams.length=3, limitParam=2, offsetParam=3
2025-11-17T01:08:19.204Z 🔍 Executing offers query (admin=false, params=3, limit=100)
2025-11-17T01:08:19.204Z 📝 Query preview: 
          SELECT * FROM (
            (
      SELECT 
        po.id,
        po.partner_id,
        po.title as name,
        po.title,
        po.description,
        po.original_price as price,
        po.discounted_price,
        po.discount_percentage,
        po.discount_amount,
        po.ima...
2025-11-17T01:08:19.204Z 📝 Query params: ["healthcare",100,0]
2025-11-17T01:08:19.205Z ✅ Query successful, returned 1 offers
GET /api/v1/offers?trending=true&limit=10&is_active=true&service_type=healthcare 200 1056 - 4.488 ms reqId=-
2025-11-17T01:08:19.206Z ✅ Query successful, returned 1 offers
GET /api/v1/offers?limit=100&is_active=true&service_type=healthcare 200 1056 - 3.034 ms reqId=-
GET /uploads/offers/dentalmakeover.webp 304 - - 0.606 ms reqId=-
2025-11-17T01:08:20.137Z 🔍 Admin request: paramCount=1, queryParams.length=3, limitParam=2, offsetParam=3
2025-11-17T01:08:20.137Z 🔍 Executing offers query (admin=false, params=3, limit=10)
2025-11-17T01:08:20.137Z 📝 Query preview: 
          SELECT * FROM (
            (
      SELECT 
        po.id,
        po.partner_id,
        po.title as name,
        po.title,
        po.description,
        po.original_price as price,
        po.discounted_price,
        po.discount_percentage,
        po.discount_amount,
        po.ima...
2025-11-17T01:08:20.138Z 📝 Query params: ["spa-and-salon",10,0]
2025-11-17T01:08:20.140Z 🔍 Admin request: paramCount=1, queryParams.length=3, limitParam=2, offsetParam=3
2025-11-17T01:08:20.140Z 🔍 Executing offers query (admin=false, params=3, limit=100)
2025-11-17T01:08:20.140Z 📝 Query preview: 
          SELECT * FROM (
            (
      SELECT 
        po.id,
        po.partner_id,
        po.title as name,
        po.title,
        po.description,
        po.original_price as price,
        po.discounted_price,
        po.discount_percentage,
        po.discount_amount,
        po.ima...
2025-11-17T01:08:20.140Z 📝 Query params: ["spa-and-salon",100,0]
2025-11-17T01:08:20.141Z ✅ Query successful, returned 0 offers
GET /api/v1/offers?trending=true&limit=10&is_active=true&service_type=spa-and-salon 200 68 - 5.339 ms reqId=-
2025-11-17T01:08:20.143Z ✅ Query successful, returned 0 offers
GET /api/v1/offers?limit=100&is_active=true&service_type=spa-and-salon 200 68 - 4.608 ms reqId=-
2025-11-17T01:08:24.723Z 🔍 Admin request: paramCount=1, queryParams.length=3, limitParam=2, offsetParam=3
2025-11-17T01:08:24.724Z 🔍 Executing offers query (admin=false, params=3, limit=10)
2025-11-17T01:08:24.724Z 📝 Query preview: 
          SELECT * FROM (
            (
      SELECT 
        po.id,
        po.partner_id,
        po.title as name,
        po.title,
        po.description,
        po.original_price as price,
        po.discounted_price,
        po.discount_percentage,
        po.discount_amount,
        po.ima...
2025-11-17T01:08:24.724Z 📝 Query params: ["travel",10,0]
2025-11-17T01:08:24.725Z 🔍 Admin request: paramCount=1, queryParams.length=3, limitParam=2, offsetParam=3
2025-11-17T01:08:24.725Z 🔍 Executing offers query (admin=false, params=3, limit=100)
2025-11-17T01:08:24.725Z 📝 Query preview: 
          SELECT * FROM (
            (
      SELECT 
        po.id,
        po.partner_id,
        po.title as name,
        po.title,
        po.description,
        po.original_price as price,
        po.discounted_price,
        po.discount_percentage,
        po.discount_amount,
        po.ima...
2025-11-17T01:08:24.726Z 📝 Query params: ["travel",100,0]
2025-11-17T01:08:24.728Z ✅ Query successful, returned 0 offers
GET /api/v1/offers?trending=true&limit=10&is_active=true&service_type=travel 200 68 - 5.819 ms reqId=-
2025-11-17T01:08:24.729Z ✅ Query successful, returned 0 offers
GET /api/v1/offers?limit=100&is_active=true&service_type=travel 200 68 - 4.726 ms reqId=-
2025-11-17T01:08:27.024Z 🔍 Admin request: paramCount=1, queryParams.length=3, limitParam=2, offsetParam=3
2025-11-17T01:08:27.024Z 🔍 Executing offers query (admin=false, params=3, limit=10)
2025-11-17T01:08:27.024Z 📝 Query preview: 
          SELECT * FROM (
            (
      SELECT 
        po.id,
        po.partner_id,
        po.title as name,
        po.title,
        po.description,
        po.original_price as price,
        po.discounted_price,
        po.discount_percentage,
        po.discount_amount,
        po.ima...
2025-11-17T01:08:27.024Z 📝 Query params: ["wellness",10,0]
2025-11-17T01:08:27.025Z 🔍 Admin request: paramCount=1, queryParams.length=3, limitParam=2, offsetParam=3
2025-11-17T01:08:27.025Z 🔍 Executing offers query (admin=false, params=3, limit=100)
2025-11-17T01:08:27.025Z 📝 Query preview: 
          SELECT * FROM (
            (
      SELECT 
        po.id,
        po.partner_id,
        po.title as name,
        po.title,
        po.description,
        po.original_price as price,
        po.discounted_price,
        po.discount_percentage,
        po.discount_amount,
        po.ima...
2025-11-17T01:08:27.025Z 📝 Query params: ["wellness",100,0]
2025-11-17T01:08:27.027Z ✅ Query successful, returned 0 offers
GET /api/v1/offers?trending=true&limit=10&is_active=true&service_type=wellness 200 68 - 3.892 ms reqId=-
2025-11-17T01:08:27.028Z ✅ Query successful, returned 0 offers
GET /api/v1/offers?limit=100&is_active=true&service_type=wellness 200 68 - 4.278 ms reqId=-
2025-11-17T01:08:28.640Z 🔍 Admin request: paramCount=1, queryParams.length=3, limitParam=2, offsetParam=3
2025-11-17T01:08:28.640Z 🔍 Executing offers query (admin=false, params=3, limit=10)
2025-11-17T01:08:28.640Z 📝 Query preview: 
          SELECT * FROM (
            (
      SELECT 
        po.id,
        po.partner_id,
        po.title as name,
        po.title,
        po.description,
        po.original_price as price,
        po.discounted_price,
        po.discount_percentage,
        po.discount_amount,
        po.ima...
2025-11-17T01:08:28.640Z 📝 Query params: ["others",10,0]
2025-11-17T01:08:28.641Z 🔍 Admin request: paramCount=1, queryParams.length=3, limitParam=2, offsetParam=3
2025-11-17T01:08:28.642Z 🔍 Executing offers query (admin=false, params=3, limit=100)
2025-11-17T01:08:28.642Z 📝 Query preview: 
          SELECT * FROM (
            (
      SELECT 
        po.id,
        po.partner_id,
        po.title as name,
        po.title,
        po.description,
        po.original_price as price,
        po.discounted_price,
        po.discount_percentage,
        po.discount_amount,
        po.ima...
2025-11-17T01:08:28.642Z 📝 Query params: ["others",100,0]
2025-11-17T01:08:28.643Z ✅ Query successful, returned 0 offers
GET /api/v1/offers?trending=true&limit=10&is_active=true&service_type=others 200 68 - 4.066 ms reqId=-
2025-11-17T01:08:28.646Z ✅ Query successful, returned 0 offers
GET /api/v1/offers?limit=100&is_active=true&service_type=others 200 68 - 4.902 ms reqId=-
2025-11-17T01:08:30.103Z 🔍 Admin request: paramCount=1, queryParams.length=3, limitParam=2, offsetParam=3
2025-11-17T01:08:30.103Z 🔍 Executing offers query (admin=false, params=3, limit=100)
2025-11-17T01:08:30.103Z 📝 Query preview: 
          SELECT * FROM (
            (
      SELECT 
        po.id,
        po.partner_id,
        po.title as name,
        po.title,
        po.description,
        po.original_price as price,
        po.discounted_price,
        po.discount_percentage,
        po.discount_amount,
        po.ima...
2025-11-17T01:08:30.103Z 📝 Query params: ["travel",100,0]
2025-11-17T01:08:30.104Z 🔍 Admin request: paramCount=1, queryParams.length=3, limitParam=2, offsetParam=3
2025-11-17T01:08:30.104Z 🔍 Executing offers query (admin=false, params=3, limit=10)
2025-11-17T01:08:30.104Z 📝 Query preview: 
          SELECT * FROM (
            (
      SELECT 
        po.id,
        po.partner_id,
        po.title as name,
        po.title,
        po.description,
        po.original_price as price,
        po.discounted_price,
        po.discount_percentage,
        po.discount_amount,
        po.ima...
2025-11-17T01:08:30.104Z 📝 Query params: ["travel",10,0]
2025-11-17T01:08:30.106Z ✅ Query successful, returned 0 offers
GET /api/v1/offers?limit=100&is_active=true&service_type=travel 304 - - 4.223 ms reqId=-
2025-11-17T01:08:30.107Z ✅ Query successful, returned 0 offers
GET /api/v1/offers?trending=true&limit=10&is_active=true&service_type=travel 304 - - 3.527 ms reqId=-
2025-11-17T01:09:50.832Z 🔍 Admin request: paramCount=1, queryParams.length=3, limitParam=2, offsetParam=3
2025-11-17T01:09:50.833Z 🔍 Executing offers query (admin=false, params=3, limit=10)
2025-11-17T01:09:50.833Z 📝 Query preview: 
          SELECT * FROM (
            (
      SELECT 
        po.id,
        po.partner_id,
        po.title as name,
        po.title,
        po.description,
        po.original_price as price,
        po.discounted_price,
        po.discount_percentage,
        po.discount_amount,
        po.ima...
2025-11-17T01:09:50.833Z 📝 Query params: ["dining",10,0]
2025-11-17T01:09:50.835Z 🔍 Admin request: paramCount=1, queryParams.length=3, limitParam=2, offsetParam=3
2025-11-17T01:09:50.835Z 🔍 Executing offers query (admin=false, params=3, limit=100)
2025-11-17T01:09:50.835Z 📝 Query preview: 
          SELECT * FROM (
            (
      SELECT 
        po.id,
        po.partner_id,
        po.title as name,
        po.title,
        po.description,
        po.original_price as price,
        po.discounted_price,
        po.discount_percentage,
        po.discount_amount,
        po.ima...
2025-11-17T01:09:50.835Z 📝 Query params: ["dining",100,0]
2025-11-17T01:09:50.856Z ✅ Query successful, returned 2 offers
GET /api/v1/offers?trending=true&limit=10&is_active=true&service_type=dining 304 - - 25.054 ms reqId=-
2025-11-17T01:09:50.857Z ✅ Query successful, returned 2 offers
GET /api/v1/offers?limit=100&is_active=true&service_type=dining 304 - - 22.669 ms reqId=-
GET /uploads/offers/WhatsAppImage2025-11-09at17.58.08.jpeg 304 - - 0.379 ms reqId=-
GET /uploads/offers/GeneratedImageOctober202025-8_47AM.png 304 - - 1.449 ms reqId=-
